WARNING: module-info.class ignored in patch: /home/michalis/TornadoVM-cuvs/dist/tornadovm-7.0.2-jdk22plus-dev-cuda-linux-amd64/tornadovm-7.0.2-jdk22plus-dev-cuda/share/java/jvmci/jvmci-21.0.2.jar
WARNING: Using incubator modules: jdk.incubator.vector
Oct 01, 2026 3:32:32 PM io.github.jbellis.jvector.vector.PanamaVectorizationProvider <init>
INFO: Preferred f32 species is 256
Oct 01, 2026 3:32:32 PM io.github.jbellis.jvector.vector.VectorizationProvider lookup
INFO: Java incubating Vector API enabled. Using PanamaVectorizationProvider.

  JVector index of 99,087 x 1536 vectors, /home/michalis/jvector-work/datasets/public/ada_002_100k_base_99287.fvecs
  graph: M=32, beam 100, alpha 1.2, hierarchy; PanamaVectorizationProvider

SLF4J(W): No SLF4J providers were found.
SLF4J(W): Defaulting to no-operation (NOP) logger implementation
SLF4J(W): See https://www.slf4j.org/codes.html#noProviders for further details.
Oct 01, 2026 3:32:32 PM io.github.jbellis.jvector.util.PhysicalCoreExecutor resolvePhysicalCoreCount
INFO: PhysicalCoreExecutor: using 24 worker threads, determined by OS topology probe on "Linux" (detected 24 physical cores, clamped to availableProcessors=32).
Oct 01, 2026 3:32:32 PM io.github.jbellis.jvector.util.PhysicalCoreExecutor resolvePhysicalCoreCount
WARNING: PhysicalCoreExecutor: previous auto-sized worker threads on this node would have been 16, but aligning to cores now sets them to 24. Set the jvector.physical_core_count system property to override.
WARNING: A terminally deprecated method in sun.misc.Unsafe has been called
WARNING: sun.misc.Unsafe::objectFieldOffset has been called by uk.ac.manchester.tornado.runtime.TornadoVMConfigAccess (file:/home/michalis/TornadoVM-cuvs/dist/tornadovm-7.0.2-jdk22plus-dev-cuda-linux-amd64/tornadovm-7.0.2-jdk22plus-dev-cuda/share/java/tornado/tornado-runtime-7.0.2-jdk22plus-dev.jar)
WARNING: Please consider reporting this to the maintainers of class uk.ac.manchester.tornado.runtime.TornadoVMConfigAccess
WARNING: sun.misc.Unsafe::objectFieldOffset will be removed in a future release
  [GPU] building with TornadoVM + cuVS ...
GPU build of 99087 x 1536 (COSINE): rows 0.26 s, candidates 0.64 s (1 batches), prune 1.09 s, install 0.11 s, upper layers 0.41 s, total 2.50 s
  [GPU] built in   2.56 s
  [CPU] building with JVector on 32 threads ...
  [CPU] built in  15.83 s

  +-------------------+------------+------------+
  |                   |  JVector   |   GPU      |
  |                   |  (CPU)     | (TornadoVM)|
  +-------------------+------------+------------+
  | graph build       |    15.83 s |     2.56 s |
  | recall@10         |     0.9905 |     0.9940 |
  +-------------------+------------+------------+
  speed-up: 6.2x

JVectorGpuIndex: PASSED -- the GPU graph's recall@10 matches or beats JVector's

real	0m20.684s
user	6m57.275s
sys	0m3.135s
